2025-03-09 15:29:53 info: Congratulations, your extension "Embold" is now active!
2025-03-09 15:29:53 info: tempDirectory : c:\Users\Sneha\.vscode\extensions\embold-vscode.embold-0.1.8\temp
2025-03-09 15:30:03 info: Extraction complete for source: c:\Users\Sneha\.vscode\extensions\embold-vscode.embold-0.1.8\resources\embold-scanner-archive.zip, destination: c:\Users\Sneha\.vscode\extensions\embold-vscode.embold-0.1.8\temp
2025-03-09 15:30:03 info: Extension installed on machine OS : win32
2025-03-09 15:30:03 info: Fetched the issues from DB
2025-03-09 15:30:04 info: Embold extension version response:{"hasSupport":false,"version":"0.1.6","changeNotes":"<div> <p>Release Date: 09 Oct, 2023 <br><span>Bug fixes and improvements.</span></p> </div>"}
2025-03-09 15:30:04 info: Current installed embold extension version : 0.1.8
2025-03-09 15:30:04 info: Latest embold extension version on marketplace : 0.1.6
2025-03-09 15:30:06 info: Java version installed on machine : 
openjdk version "21.0.2" 2024-01-16 LTS
OpenJDK Runtime Environment Temurin-21.0.2+13 (build 21.0.2+13-LTS)
OpenJDK 64-Bit Server VM Temurin-21.0.2+13 (build 21.0.2+13-LTS, mixed mode, sharing)

2025-03-09 15:30:06 info: Java installed on machine.
2025-03-09 15:45:32 info: Row(s) deleted
2025-03-09 15:45:32 info: Row(s) deleted
2025-03-09 15:45:32 info: Row(s) deleted
2025-03-09 15:45:32 info: Row(s) deleted
2025-03-09 16:03:33 info: Row(s) deleted
2025-03-09 16:03:33 info: Row(s) deleted
2025-03-09 16:03:33 info: Row(s) deleted
2025-03-09 16:03:33 info: Row(s) deleted
2025-03-09 16:04:24 info: Row(s) deleted
2025-03-09 16:05:30 info: Row(s) deleted
2025-03-09 16:05:30 info: Row(s) deleted
2025-03-09 16:05:30 info: Row(s) deleted
2025-03-09 16:05:30 info: Row(s) deleted
2025-03-09 16:12:43 info: Row(s) deleted
2025-03-09 16:14:44 info: Row(s) deleted
2025-03-09 16:14:44 info: Row(s) deleted
2025-03-09 16:14:44 info: Row(s) deleted
2025-03-09 16:14:44 info: Row(s) deleted
2025-03-09 16:16:43 info: Row(s) deleted
2025-03-09 16:16:52 info: Row(s) deleted
2025-03-09 16:16:56 info: Row(s) deleted
2025-03-09 16:16:59 info: Row(s) deleted
2025-03-09 16:17:05 info: Row(s) deleted
2025-03-09 16:17:09 info: Row(s) deleted
2025-03-09 16:17:12 info: Row(s) deleted
2025-03-09 16:17:16 info: Row(s) deleted
2025-03-09 16:21:20 info: Row(s) deleted
2025-03-09 16:21:20 info: Row(s) deleted
2025-03-09 16:21:20 info: Row(s) deleted
2025-03-09 16:24:27 info: Row(s) deleted
2025-03-09 16:25:29 info: Row(s) deleted
2025-03-09 16:25:30 info: Row(s) deleted
2025-03-09 16:25:30 info: Row(s) deleted
2025-03-09 16:25:30 info: Row(s) deleted
2025-03-09 16:25:30 info: Row(s) deleted
2025-03-09 16:25:30 info: Row(s) deleted
2025-03-09 16:25:30 info: Row(s) deleted
2025-03-09 16:25:30 info: Row(s) deleted
2025-03-09 16:25:30 info: Row(s) deleted
2025-03-09 16:25:30 info: Row(s) deleted
2025-03-09 16:25:30 info: Row(s) deleted
2025-03-09 16:25:30 info: Row(s) deleted
2025-03-09 16:25:30 info: Row(s) deleted
2025-03-09 16:25:30 info: Row(s) deleted
2025-03-09 16:25:30 info: Row(s) deleted
2025-03-09 16:25:30 info: Row(s) deleted
2025-03-09 16:25:30 info: Row(s) deleted
2025-03-09 16:25:30 info: Row(s) deleted
2025-03-09 16:25:30 info: Row(s) deleted
2025-03-09 16:25:30 info: Row(s) deleted
2025-03-09 16:25:30 info: Row(s) deleted
2025-03-09 16:25:30 info: Row(s) deleted
2025-03-09 16:25:30 info: Row(s) deleted
2025-03-09 16:25:30 info: Row(s) deleted
2025-03-09 16:25:30 info: Row(s) deleted
2025-03-09 16:25:30 info: Row(s) deleted
2025-03-09 16:25:30 info: Row(s) deleted
2025-03-09 16:25:31 info: Row(s) deleted
2025-03-09 16:25:31 info: Row(s) deleted
2025-03-09 16:25:31 info: Row(s) deleted
2025-03-09 16:25:31 info: Row(s) deleted
2025-03-09 16:25:31 info: Row(s) deleted
2025-03-09 16:25:31 info: Row(s) deleted
2025-03-09 16:25:31 info: Row(s) deleted
2025-03-09 16:25:31 info: Row(s) deleted
2025-03-09 16:25:31 info: Row(s) deleted
2025-03-09 16:25:31 info: Row(s) deleted
2025-03-09 16:25:31 info: Row(s) deleted
2025-03-09 16:25:31 info: Row(s) deleted
2025-03-09 16:25:31 info: Row(s) deleted
2025-03-09 16:26:48 info: Row(s) deleted
2025-03-09 16:26:50 info: Row(s) deleted
2025-03-09 16:26:50 info: Row(s) deleted
2025-03-09 16:26:50 info: Row(s) deleted
2025-03-09 16:26:50 info: Row(s) deleted
2025-03-09 16:26:50 info: Row(s) deleted
2025-03-09 16:26:50 info: Row(s) deleted
2025-03-09 16:27:53 info: Row(s) deleted
2025-03-09 16:27:53 info: Row(s) deleted
2025-03-09 16:27:54 info: Row(s) deleted
2025-03-09 16:27:54 info: Row(s) deleted
2025-03-09 16:27:54 info: Row(s) deleted
2025-03-09 16:27:54 info: Row(s) deleted
2025-03-09 16:27:54 info: Row(s) deleted
2025-03-09 16:27:54 info: Row(s) deleted
2025-03-09 16:27:54 info: Row(s) deleted
2025-03-09 16:27:55 info: Row(s) deleted
2025-03-09 16:28:09 info: Row(s) deleted
2025-03-09 16:28:09 info: Row(s) deleted
2025-03-09 16:28:09 info: Row(s) deleted
2025-03-09 16:28:09 info: Row(s) deleted
2025-03-09 16:28:09 info: Row(s) deleted
2025-03-09 16:28:14 info: Row(s) deleted
2025-03-09 16:28:15 info: Row(s) deleted
2025-03-09 16:28:16 info: Row(s) deleted
2025-03-09 16:28:16 info: Row(s) deleted
2025-03-09 16:28:16 info: Row(s) deleted
2025-03-09 16:28:16 info: Row(s) deleted
2025-03-09 16:28:16 info: Row(s) deleted
2025-03-09 16:28:16 info: Row(s) deleted
2025-03-09 16:28:16 info: Row(s) deleted
2025-03-09 16:28:16 info: Row(s) deleted
2025-03-09 16:28:16 info: Row(s) deleted
2025-03-09 16:28:16 info: Row(s) deleted
2025-03-09 16:28:16 info: Row(s) deleted
2025-03-09 16:28:16 info: Row(s) deleted
2025-03-09 16:28:16 info: Row(s) deleted
2025-03-09 16:28:16 info: Row(s) deleted
2025-03-09 16:28:16 info: Row(s) deleted
2025-03-09 16:28:16 info: Row(s) deleted
2025-03-09 16:28:16 info: Row(s) deleted
2025-03-09 16:28:16 info: Row(s) deleted
2025-03-09 16:28:16 info: Row(s) deleted
2025-03-09 16:28:16 info: Row(s) deleted
2025-03-09 16:28:16 info: Row(s) deleted
2025-03-09 16:28:16 info: Row(s) deleted
2025-03-09 16:28:16 info: Row(s) deleted
2025-03-09 16:28:16 info: Row(s) deleted
2025-03-09 16:28:16 info: Row(s) deleted
2025-03-09 16:28:16 info: Row(s) deleted
2025-03-09 16:28:16 info: Row(s) deleted
2025-03-09 16:28:16 info: Row(s) deleted
2025-03-09 16:28:16 info: Row(s) deleted
2025-03-09 16:28:16 info: Row(s) deleted
2025-03-09 16:28:16 info: Row(s) deleted
2025-03-09 16:28:16 info: Row(s) deleted
2025-03-09 16:28:16 info: Row(s) deleted
2025-03-09 16:28:16 info: Row(s) deleted
2025-03-09 16:28:16 info: Row(s) deleted
2025-03-09 16:28:16 info: Row(s) deleted
2025-03-09 16:28:16 info: Row(s) deleted
2025-03-09 16:28:16 info: Row(s) deleted
2025-03-09 16:28:16 info: Row(s) deleted
2025-03-09 16:28:16 info: Row(s) deleted
2025-03-09 16:28:16 info: Row(s) deleted
2025-03-09 16:28:16 info: Row(s) deleted
2025-03-09 16:28:16 info: Row(s) deleted
2025-03-09 16:28:16 info: Row(s) deleted
2025-03-09 16:28:16 info: Row(s) deleted
2025-03-09 16:28:16 info: Row(s) deleted
2025-03-09 16:28:16 info: Row(s) deleted
2025-03-09 16:28:16 info: Row(s) deleted
2025-03-09 16:28:16 info: Row(s) deleted
2025-03-09 16:28:16 info: Row(s) deleted
2025-03-09 16:28:16 info: Row(s) deleted
2025-03-09 16:28:16 info: Row(s) deleted
2025-03-09 16:28:16 info: Row(s) deleted
2025-03-09 16:28:16 info: Row(s) deleted
2025-03-09 16:28:16 info: Row(s) deleted
2025-03-09 16:28:16 info: Row(s) deleted
2025-03-09 16:28:16 info: Row(s) deleted
2025-03-09 16:28:16 info: Row(s) deleted
2025-03-09 16:28:16 info: Row(s) deleted
2025-03-09 16:28:16 info: Row(s) deleted
2025-03-09 16:28:17 info: Row(s) deleted
2025-03-09 16:28:17 info: Row(s) deleted
2025-03-09 16:28:17 info: Row(s) deleted
2025-03-09 16:28:17 info: Row(s) deleted
2025-03-09 16:28:17 info: Row(s) deleted
2025-03-09 16:28:17 info: Row(s) deleted
2025-03-09 16:28:17 info: Row(s) deleted
2025-03-09 16:28:17 info: Row(s) deleted
2025-03-09 16:28:17 info: Row(s) deleted
2025-03-09 16:28:17 info: Row(s) deleted
2025-03-09 16:28:17 info: Row(s) deleted
2025-03-09 16:28:17 info: Row(s) deleted
2025-03-09 16:28:17 info: Row(s) deleted
2025-03-09 16:28:17 info: Row(s) deleted
2025-03-09 16:28:17 info: Row(s) deleted
2025-03-09 16:28:17 info: Row(s) deleted
2025-03-09 16:28:17 info: Row(s) deleted
2025-03-09 16:28:17 info: Row(s) deleted
2025-03-09 16:28:17 info: Row(s) deleted
2025-03-09 16:28:17 info: Row(s) deleted
2025-03-09 16:28:17 info: Row(s) deleted
2025-03-09 16:28:17 info: Row(s) deleted
2025-03-09 16:28:17 info: Row(s) deleted
2025-03-09 16:28:17 info: Row(s) deleted
2025-03-09 16:28:17 info: Row(s) deleted
2025-03-09 16:28:17 info: Row(s) deleted
2025-03-09 16:28:17 info: Row(s) deleted
2025-03-09 16:28:17 info: Row(s) deleted
2025-03-09 16:28:17 info: Row(s) deleted
2025-03-09 16:28:17 info: Row(s) deleted
2025-03-09 16:28:17 info: Row(s) deleted
2025-03-09 16:28:17 info: Row(s) deleted
2025-03-09 16:28:18 info: Row(s) deleted
2025-03-09 16:28:18 info: Row(s) deleted
2025-03-09 16:28:18 info: Row(s) deleted
2025-03-09 16:28:18 info: Row(s) deleted
2025-03-09 16:28:18 info: Row(s) deleted
2025-03-09 16:28:18 info: Row(s) deleted
2025-03-09 16:28:18 info: Row(s) deleted
2025-03-09 16:28:18 info: Row(s) deleted
2025-03-09 16:28:18 info: Row(s) deleted
2025-03-09 16:28:18 info: Row(s) deleted
2025-03-09 16:28:18 info: Row(s) deleted
2025-03-09 16:28:18 info: Row(s) deleted
2025-03-09 16:28:18 info: Row(s) deleted
2025-03-09 16:28:18 info: Row(s) deleted
2025-03-09 16:28:18 info: Row(s) deleted
2025-03-09 16:28:18 info: Row(s) deleted
2025-03-09 16:28:18 info: Row(s) deleted
2025-03-09 16:28:18 info: Row(s) deleted
2025-03-09 16:28:19 info: Row(s) deleted
2025-03-09 16:28:19 info: Row(s) deleted
2025-03-09 16:28:19 info: Row(s) deleted
2025-03-09 16:28:19 info: Row(s) deleted
2025-03-09 16:28:19 info: Row(s) deleted
2025-03-09 16:28:19 info: Row(s) deleted
2025-03-09 16:28:19 info: Row(s) deleted
2025-03-09 16:28:19 info: Row(s) deleted
2025-03-09 16:28:19 info: Row(s) deleted
2025-03-09 16:28:19 info: Row(s) deleted
2025-03-09 16:28:19 info: Row(s) deleted
2025-03-09 16:28:19 info: Row(s) deleted
2025-03-09 16:28:19 info: Row(s) deleted
2025-03-09 16:28:19 info: Row(s) deleted
2025-03-09 16:28:19 info: Row(s) deleted
2025-03-09 16:28:19 info: Row(s) deleted
2025-03-09 16:28:19 info: Row(s) deleted
2025-03-09 16:28:19 info: Row(s) deleted
2025-03-09 16:28:19 info: Row(s) deleted
2025-03-09 16:28:19 info: Row(s) deleted
2025-03-09 16:28:19 info: Row(s) deleted
2025-03-09 16:28:19 info: Row(s) deleted
2025-03-09 16:28:19 info: Row(s) deleted
2025-03-09 16:28:19 info: Row(s) deleted
2025-03-09 16:28:19 info: Row(s) deleted
2025-03-09 16:28:19 info: Row(s) deleted
2025-03-09 16:28:19 info: Row(s) deleted
2025-03-09 16:28:19 info: Row(s) deleted
2025-03-09 16:28:19 info: Row(s) deleted
2025-03-09 16:28:19 info: Row(s) deleted
2025-03-09 16:28:19 info: Row(s) deleted
2025-03-09 16:29:39 info: Row(s) deleted
2025-03-09 16:29:39 info: Row(s) deleted
2025-03-09 16:29:41 info: Row(s) deleted
2025-03-09 16:29:41 info: Row(s) deleted
2025-03-09 16:29:43 info: Row(s) deleted
2025-03-09 16:30:14 info: Row(s) deleted
2025-03-09 16:30:14 info: Row(s) deleted
2025-03-09 16:36:29 info: Row(s) deleted
2025-03-09 16:36:29 info: Row(s) deleted
2025-03-09 16:36:29 info: Row(s) deleted
2025-03-09 16:36:29 info: Row(s) deleted
2025-03-09 16:36:30 info: Row(s) deleted
2025-03-09 16:36:30 info: Row(s) deleted
2025-03-09 16:36:30 info: Row(s) deleted
2025-03-09 16:39:23 info: Row(s) deleted
2025-03-09 16:39:23 info: Row(s) deleted
2025-03-09 16:39:23 info: Row(s) deleted
2025-03-09 16:41:25 info: Row(s) deleted
2025-03-09 16:41:25 info: Row(s) deleted
2025-03-09 16:41:27 info: Row(s) deleted
2025-03-09 16:41:27 info: Row(s) deleted
2025-03-09 16:50:28 info: Row(s) deleted
2025-03-09 16:50:28 info: Row(s) deleted
2025-03-09 16:50:28 info: Row(s) deleted
2025-03-09 16:54:01 info: Row(s) deleted
2025-03-09 16:54:01 info: Row(s) deleted
2025-03-09 16:54:01 info: Row(s) deleted
2025-03-09 16:54:01 info: Row(s) deleted
2025-03-09 16:54:02 info: Row(s) deleted
2025-03-09 17:03:13 info: Row(s) deleted
2025-03-09 17:03:13 info: Row(s) deleted
2025-03-09 17:03:13 info: Row(s) deleted
2025-03-09 17:03:14 info: Row(s) deleted
2025-03-09 17:03:14 info: Row(s) deleted
2025-03-09 17:03:14 info: Row(s) deleted
2025-03-09 17:09:31 info: Row(s) deleted
2025-03-09 17:09:31 info: Row(s) deleted
2025-03-09 17:09:31 info: Row(s) deleted
2025-03-09 17:09:31 info: Row(s) deleted
2025-03-09 17:09:31 info: Row(s) deleted
2025-03-09 17:09:46 info: Row(s) deleted
2025-03-09 17:09:46 info: Row(s) deleted
2025-03-09 17:09:55 info: Row(s) deleted
2025-03-09 17:11:16 info: Row(s) deleted
2025-03-09 17:11:21 info: Row(s) deleted
2025-03-09 17:11:21 info: Row(s) deleted
2025-03-09 17:11:21 info: Row(s) deleted
2025-03-09 17:11:21 info: Row(s) deleted
2025-03-09 17:19:31 info: Row(s) deleted
2025-03-09 17:19:31 info: Row(s) deleted
2025-03-09 17:19:33 info: Row(s) deleted
2025-03-09 17:19:36 info: Row(s) deleted
2025-03-09 17:19:40 info: Row(s) deleted
2025-03-09 17:35:05 info: Row(s) deleted
2025-03-09 17:36:34 info: Row(s) deleted
2025-03-09 17:36:34 info: Row(s) deleted
2025-03-09 17:36:34 info: Row(s) deleted
2025-03-09 17:36:34 info: Row(s) deleted
2025-03-09 17:36:34 info: Row(s) deleted
2025-03-09 17:36:34 info: Row(s) deleted
2025-03-09 17:36:34 info: Row(s) deleted
2025-03-09 17:36:34 info: Row(s) deleted
2025-03-09 17:36:34 info: Row(s) deleted
2025-03-10 11:05:17 info: Congratulations, your extension "Embold" is now active!
2025-03-10 11:05:17 info: tempDirectory : c:\Users\Sneha\.vscode\extensions\embold-vscode.embold-0.1.8\temp
2025-03-10 11:05:34 info: Extraction complete for source: c:\Users\Sneha\.vscode\extensions\embold-vscode.embold-0.1.8\resources\embold-scanner-archive.zip, destination: c:\Users\Sneha\.vscode\extensions\embold-vscode.embold-0.1.8\temp
2025-03-10 11:05:34 info: Extension installed on machine OS : win32
2025-03-10 11:05:34 info: Fetched the issues from DB
2025-03-10 11:05:35 info: Embold extension version response:{"hasSupport":false,"version":"0.1.6","changeNotes":"<div> <p>Release Date: 09 Oct, 2023 <br><span>Bug fixes and improvements.</span></p> </div>"}
2025-03-10 11:05:35 info: Current installed embold extension version : 0.1.8
2025-03-10 11:05:35 info: Latest embold extension version on marketplace : 0.1.6
2025-03-10 11:05:40 info: Java version installed on machine : 
openjdk version "21.0.2" 2024-01-16 LTS
OpenJDK Runtime Environment Temurin-21.0.2+13 (build 21.0.2+13-LTS)
OpenJDK 64-Bit Server VM Temurin-21.0.2+13 (build 21.0.2+13-LTS, mixed mode, sharing)

2025-03-10 11:05:40 info: Java installed on machine.
2025-03-10 11:16:48 info: Row(s) deleted
2025-03-10 11:16:48 info: Row(s) deleted
2025-03-10 11:16:48 info: Row(s) deleted
2025-03-10 11:47:14 info: Congratulations, your extension "Embold" is now active!
2025-03-10 11:47:14 info: tempDirectory : c:\Users\Sneha\.vscode\extensions\embold-vscode.embold-0.1.8\temp
2025-03-10 11:47:40 info: Extraction complete for source: c:\Users\Sneha\.vscode\extensions\embold-vscode.embold-0.1.8\resources\embold-scanner-archive.zip, destination: c:\Users\Sneha\.vscode\extensions\embold-vscode.embold-0.1.8\temp
2025-03-10 11:47:40 info: Extension installed on machine OS : win32
2025-03-10 11:47:40 info: Fetched the issues from DB
2025-03-10 11:47:42 info: Embold extension version response:{"hasSupport":false,"version":"0.1.6","changeNotes":"<div> <p>Release Date: 09 Oct, 2023 <br><span>Bug fixes and improvements.</span></p> </div>"}
2025-03-10 11:47:42 info: Current installed embold extension version : 0.1.8
2025-03-10 11:47:42 info: Latest embold extension version on marketplace : 0.1.6
2025-03-10 11:47:47 info: Java version installed on machine : 
openjdk version "21.0.2" 2024-01-16 LTS
OpenJDK Runtime Environment Temurin-21.0.2+13 (build 21.0.2+13-LTS)
OpenJDK 64-Bit Server VM Temurin-21.0.2+13 (build 21.0.2+13-LTS, mixed mode, sharing)

2025-03-10 11:47:47 info: Java installed on machine.
2025-03-10 12:57:22 info: Row(s) deleted
2025-03-10 12:57:25 info: Row(s) deleted
2025-03-10 12:57:25 info: Row(s) deleted
2025-03-10 12:57:28 info: Row(s) deleted
2025-03-10 12:57:28 info: Row(s) deleted
2025-03-10 12:57:28 info: Row(s) deleted
2025-03-10 13:06:05 info: Row(s) deleted
2025-03-10 13:06:05 info: Row(s) deleted
2025-03-10 13:06:05 info: Row(s) deleted
2025-03-10 13:06:05 info: Row(s) deleted
2025-03-10 13:06:05 info: Row(s) deleted
2025-03-10 13:06:06 info: Row(s) deleted
2025-03-10 13:13:14 info: Row(s) deleted
2025-03-10 13:13:14 info: Row(s) deleted
2025-03-10 13:13:15 info: Row(s) deleted
2025-03-10 13:13:15 info: Row(s) deleted
2025-03-10 13:13:15 info: Row(s) deleted
2025-03-10 13:16:52 info: Row(s) deleted
2025-03-10 13:16:52 info: Row(s) deleted
2025-03-10 13:16:52 info: Row(s) deleted
2025-03-10 13:16:52 info: Row(s) deleted
2025-03-10 13:16:53 info: Row(s) deleted
2025-03-10 13:16:53 info: Row(s) deleted
2025-03-10 13:16:53 info: Row(s) deleted
2025-03-10 13:16:53 info: Row(s) deleted
2025-03-10 13:16:53 info: Row(s) deleted
2025-03-10 13:19:10 info: Row(s) deleted
2025-03-10 13:19:10 info: Row(s) deleted
2025-03-10 13:19:10 info: Row(s) deleted
2025-03-10 13:19:10 info: Row(s) deleted
2025-03-10 13:22:44 info: Row(s) deleted
2025-03-10 13:22:44 info: Row(s) deleted
2025-03-10 13:22:44 info: Row(s) deleted
2025-03-10 13:24:51 info: Row(s) deleted
2025-03-10 13:24:51 info: Row(s) deleted
2025-03-10 13:24:52 info: Row(s) deleted
2025-03-10 13:24:52 info: Row(s) deleted
2025-03-10 13:26:20 info: Row(s) deleted
2025-03-10 13:26:20 info: Row(s) deleted
2025-03-10 13:26:20 info: Row(s) deleted
2025-03-10 13:26:20 info: Row(s) deleted
2025-03-10 13:26:20 info: Row(s) deleted
2025-03-10 13:26:20 info: Row(s) deleted
2025-03-10 13:28:23 info: Row(s) deleted
2025-03-10 13:28:23 info: Row(s) deleted
2025-03-10 13:28:23 info: Row(s) deleted
2025-03-10 13:28:23 info: Row(s) deleted
2025-03-10 13:30:33 info: Row(s) deleted
2025-03-10 13:30:33 info: Row(s) deleted
2025-03-10 13:37:07 info: Row(s) deleted
2025-03-10 13:37:07 info: Row(s) deleted
2025-03-10 13:37:07 info: Row(s) deleted
2025-03-10 13:37:07 info: Row(s) deleted
2025-03-10 13:40:22 info: Row(s) deleted
2025-03-10 13:40:22 info: Row(s) deleted
2025-03-10 13:40:22 info: Row(s) deleted
2025-03-10 13:40:22 info: Row(s) deleted
2025-03-10 13:40:22 info: Row(s) deleted
2025-03-10 13:43:50 info: Row(s) deleted
2025-03-10 13:43:50 info: Row(s) deleted
2025-03-10 13:43:50 info: Row(s) deleted
2025-03-10 13:43:50 info: Row(s) deleted
2025-03-10 13:43:50 info: Row(s) deleted
2025-03-10 13:43:50 info: Row(s) deleted
2025-03-10 13:46:53 info: Row(s) deleted
2025-03-10 13:46:53 info: Row(s) deleted
2025-03-10 13:46:53 info: Row(s) deleted
2025-03-10 13:46:53 info: Row(s) deleted
2025-03-10 13:46:53 info: Row(s) deleted
2025-03-10 13:46:53 info: Row(s) deleted
2025-03-10 13:46:53 info: Row(s) deleted
2025-03-10 13:51:22 info: Row(s) deleted
2025-03-10 13:51:22 info: Row(s) deleted
2025-03-10 13:51:22 info: Row(s) deleted
2025-03-10 13:57:21 info: Row(s) deleted
2025-03-10 13:57:21 info: Row(s) deleted
2025-03-10 13:59:31 info: Row(s) deleted
2025-03-10 14:05:17 info: Row(s) deleted
2025-03-10 14:05:17 info: Row(s) deleted
2025-03-10 14:05:17 info: Row(s) deleted
2025-03-10 14:05:17 info: Row(s) deleted
2025-03-10 14:06:32 info: Row(s) deleted
2025-03-10 14:08:22 info: Row(s) deleted
2025-03-10 14:08:22 info: Row(s) deleted
2025-03-10 14:08:22 info: Row(s) deleted
2025-03-10 14:08:22 info: Row(s) deleted
2025-03-10 14:14:30 info: Row(s) deleted
2025-03-10 14:14:30 info: Row(s) deleted
2025-03-10 14:14:30 info: Row(s) deleted
2025-03-10 14:14:30 info: Row(s) deleted
2025-03-10 14:14:30 info: Row(s) deleted
2025-03-10 14:16:00 info: Row(s) deleted
2025-03-10 14:18:23 info: Row(s) deleted
2025-03-10 14:18:23 info: Row(s) deleted
2025-03-10 14:18:23 info: Row(s) deleted
2025-03-10 14:18:23 info: Row(s) deleted
2025-03-10 14:18:23 info: Row(s) deleted
2025-03-10 14:18:23 info: Row(s) deleted
2025-03-10 14:19:55 info: Row(s) deleted
2025-03-10 14:19:55 info: Row(s) deleted
2025-03-10 14:19:55 info: Row(s) deleted
2025-03-10 14:21:19 info: Row(s) deleted
2025-03-10 14:21:19 info: Row(s) deleted
2025-03-10 14:21:19 info: Row(s) deleted
2025-03-10 14:21:19 info: Row(s) deleted
2025-03-10 14:26:16 info: Row(s) deleted
2025-03-10 14:26:16 info: Row(s) deleted
2025-03-10 14:30:17 info: Row(s) deleted
2025-03-10 14:30:17 info: Row(s) deleted
2025-03-10 14:30:17 info: Row(s) deleted
2025-03-10 14:30:18 info: Row(s) deleted
2025-03-12 11:46:18 info: Row(s) deleted
2025-03-12 11:46:18 info: Row(s) deleted
2025-03-12 11:46:18 info: Row(s) deleted
2025-03-12 11:46:19 info: Row(s) deleted
2025-03-12 11:46:19 info: Row(s) deleted
2025-03-12 11:50:39 info: Row(s) deleted
2025-03-12 11:50:39 info: Row(s) deleted
2025-03-12 11:50:39 info: Row(s) deleted
2025-03-12 11:50:39 info: Row(s) deleted
2025-03-12 11:50:40 info: Row(s) deleted
2025-03-12 11:52:44 info: Row(s) deleted
2025-03-12 11:52:44 info: Row(s) deleted
2025-03-12 11:52:44 info: Row(s) deleted
2025-03-12 11:52:44 info: Row(s) deleted
2025-03-12 11:52:44 info: Row(s) deleted
2025-03-12 11:53:45 info: Row(s) deleted
2025-03-12 11:53:45 info: Row(s) deleted
2025-03-12 11:53:45 info: Row(s) deleted
2025-03-12 11:53:45 info: Row(s) deleted
2025-03-12 11:53:49 info: Row(s) deleted
2025-03-12 11:53:53 info: Row(s) deleted
2025-03-12 11:53:59 info: Row(s) deleted
2025-03-12 11:58:05 info: Row(s) deleted
2025-03-12 11:58:05 info: Row(s) deleted
2025-03-12 11:58:05 info: Row(s) deleted
2025-03-12 11:58:05 info: Row(s) deleted
2025-03-12 11:59:16 info: Row(s) deleted
2025-03-12 11:59:17 info: Row(s) deleted
2025-03-12 11:59:17 info: Row(s) deleted
2025-03-12 11:59:17 info: Row(s) deleted
2025-03-12 11:59:17 info: Row(s) deleted
2025-03-12 11:59:21 info: Row(s) deleted
2025-03-12 11:59:21 info: Row(s) deleted
2025-03-12 11:59:26 info: Row(s) deleted
2025-03-12 11:59:26 info: Row(s) deleted
2025-03-12 11:59:28 info: Row(s) deleted
2025-03-12 12:03:18 info: Row(s) deleted
2025-03-12 12:03:18 info: Row(s) deleted
2025-03-12 12:03:18 info: Row(s) deleted
2025-03-12 12:03:18 info: Row(s) deleted
2025-03-12 12:03:18 info: Row(s) deleted
2025-03-12 12:03:19 info: Row(s) deleted
2025-03-12 12:03:19 info: Row(s) deleted
2025-03-12 12:03:19 info: Row(s) deleted
2025-03-12 12:03:19 info: Row(s) deleted
2025-03-12 12:03:19 info: Row(s) deleted
2025-03-12 13:07:25 info: Row(s) deleted
2025-03-12 13:08:44 info: Row(s) deleted
2025-03-12 13:08:44 info: Row(s) deleted
2025-03-12 13:08:44 info: Row(s) deleted
2025-03-12 13:08:44 info: Row(s) deleted
2025-03-12 13:08:44 info: Row(s) deleted
2025-03-12 13:08:44 info: Row(s) deleted
2025-03-12 13:08:44 info: Row(s) deleted
2025-03-12 13:08:44 info: Row(s) deleted
2025-03-12 13:08:44 info: Row(s) deleted
2025-03-12 13:08:44 info: Row(s) deleted
2025-03-12 13:08:44 info: Row(s) deleted
2025-03-12 13:08:44 info: Row(s) deleted
2025-03-12 13:08:44 info: Row(s) deleted
2025-03-12 13:08:44 info: Row(s) deleted
2025-03-12 13:08:44 info: Row(s) deleted
2025-03-12 13:08:44 info: Row(s) deleted
2025-03-12 13:08:44 info: Row(s) deleted
2025-03-12 13:08:44 info: Row(s) deleted
2025-03-12 13:08:44 info: Row(s) deleted
2025-03-12 13:08:44 info: Row(s) deleted
2025-03-12 13:08:44 info: Row(s) deleted
2025-03-12 13:08:44 info: Row(s) deleted
2025-03-12 13:08:44 info: Row(s) deleted
2025-03-12 13:08:44 info: Row(s) deleted
2025-03-12 13:08:44 info: Row(s) deleted
2025-03-12 13:08:44 info: Row(s) deleted
2025-03-12 13:08:44 info: Row(s) deleted
2025-03-12 13:08:44 info: Row(s) deleted
2025-03-12 13:08:44 info: Row(s) deleted
2025-03-12 13:08:44 info: Row(s) deleted
2025-03-12 13:08:44 info: Row(s) deleted
2025-03-12 13:08:44 info: Row(s) deleted
2025-03-12 13:08:44 info: Row(s) deleted
2025-03-12 13:08:44 info: Row(s) deleted
2025-03-12 13:08:44 info: Row(s) deleted
2025-03-12 13:08:44 info: Row(s) deleted
2025-03-12 13:08:44 info: Row(s) deleted
2025-03-12 13:08:44 info: Row(s) deleted
2025-03-12 13:08:44 info: Row(s) deleted
2025-03-12 13:08:44 info: Row(s) deleted
2025-03-12 13:08:44 info: Row(s) deleted
2025-03-12 13:08:44 info: Row(s) deleted
2025-03-12 13:08:44 info: Row(s) deleted
2025-03-12 13:08:44 info: Row(s) deleted
2025-03-12 13:08:44 info: Row(s) deleted
2025-03-12 13:08:44 info: Row(s) deleted
2025-03-12 13:08:44 info: Row(s) deleted
2025-03-12 13:08:44 info: Row(s) deleted
2025-03-12 13:08:44 info: Row(s) deleted
2025-03-12 13:08:44 info: Row(s) deleted
2025-03-12 13:08:44 info: Row(s) deleted
2025-03-12 13:08:44 info: Row(s) deleted
2025-03-12 13:08:44 info: Row(s) deleted
2025-03-12 13:08:44 info: Row(s) deleted
2025-03-12 13:08:44 info: Row(s) deleted
2025-03-12 13:08:44 info: Row(s) deleted
2025-03-12 13:08:44 info: Row(s) deleted
2025-03-12 13:08:44 info: Row(s) deleted
2025-03-12 13:08:44 info: Row(s) deleted
2025-03-12 13:08:44 info: Row(s) deleted
2025-03-12 13:08:44 info: Row(s) deleted
2025-03-12 13:08:44 info: Row(s) deleted
2025-03-12 13:08:44 info: Row(s) deleted
2025-03-12 13:08:44 info: Row(s) deleted
2025-03-12 13:08:44 info: Row(s) deleted
2025-03-12 13:08:44 info: Row(s) deleted
2025-03-12 13:08:44 info: Row(s) deleted
2025-03-12 13:08:44 info: Row(s) deleted
2025-03-12 13:08:44 info: Row(s) deleted
2025-03-12 13:08:44 info: Row(s) deleted
2025-03-12 13:08:44 info: Row(s) deleted
2025-03-12 13:08:44 info: Row(s) deleted
2025-03-12 13:08:44 info: Row(s) deleted
2025-03-12 13:08:44 info: Row(s) deleted
2025-03-12 13:08:44 info: Row(s) deleted
2025-03-12 13:08:44 info: Row(s) deleted
2025-03-12 13:08:44 info: Row(s) deleted
2025-03-12 13:08:44 info: Row(s) deleted
2025-03-12 13:08:44 info: Row(s) deleted
2025-03-12 13:08:44 info: Row(s) deleted
2025-03-12 13:08:44 info: Row(s) deleted
2025-03-12 13:08:44 info: Row(s) deleted
2025-03-12 13:08:44 info: Row(s) deleted
2025-03-12 13:08:44 info: Row(s) deleted
2025-03-12 13:08:44 info: Row(s) deleted
2025-03-12 13:08:44 info: Row(s) deleted
2025-03-12 13:08:44 info: Row(s) deleted
2025-03-12 13:08:44 info: Row(s) deleted
2025-03-12 13:08:44 info: Row(s) deleted
2025-03-12 13:08:44 info: Row(s) deleted
2025-03-12 13:08:44 info: Row(s) deleted
2025-03-12 13:08:44 info: Row(s) deleted
2025-03-12 13:08:44 info: Row(s) deleted
2025-03-12 13:08:44 info: Row(s) deleted
2025-03-12 13:08:44 info: Row(s) deleted
2025-03-12 13:08:44 info: Row(s) deleted
2025-03-12 13:08:44 info: Row(s) deleted
2025-03-12 13:08:44 info: Row(s) deleted
2025-03-12 13:08:44 info: Row(s) deleted
2025-03-12 13:08:44 info: Row(s) deleted
2025-03-12 13:08:44 info: Row(s) deleted
2025-03-12 13:08:44 info: Row(s) deleted
2025-03-12 13:08:44 info: Row(s) deleted
2025-03-12 13:08:44 info: Row(s) deleted
2025-03-12 13:08:44 info: Row(s) deleted
2025-03-12 13:08:44 info: Row(s) deleted
2025-03-12 13:08:44 info: Row(s) deleted
2025-03-12 13:08:44 info: Row(s) deleted
2025-03-12 13:08:44 info: Row(s) deleted
2025-03-12 13:08:44 info: Row(s) deleted
2025-03-12 13:08:44 info: Row(s) deleted
2025-03-12 13:08:44 info: Row(s) deleted
2025-03-12 13:08:44 info: Row(s) deleted
2025-03-12 13:08:44 info: Row(s) deleted
2025-03-12 13:08:44 info: Row(s) deleted
2025-03-12 13:08:44 info: Row(s) deleted
2025-03-12 13:08:44 info: Row(s) deleted
2025-03-12 13:08:44 info: Row(s) deleted
2025-03-12 13:08:44 info: Row(s) deleted
2025-03-12 13:08:44 info: Row(s) deleted
2025-03-12 13:08:44 info: Row(s) deleted
2025-03-12 13:08:46 info: Row(s) deleted
2025-03-12 13:08:46 info: Row(s) deleted
2025-03-12 13:08:46 info: Row(s) deleted
2025-03-12 13:08:46 info: Row(s) deleted
2025-03-12 13:09:56 info: Row(s) deleted
2025-03-12 13:09:56 info: Row(s) deleted
2025-03-12 13:09:56 info: Row(s) deleted
2025-03-12 13:09:56 info: Row(s) deleted
2025-03-12 13:09:56 info: Row(s) deleted
2025-03-12 13:09:56 info: Row(s) deleted
2025-03-12 13:09:56 info: Row(s) deleted
2025-03-12 13:09:56 info: Row(s) deleted
2025-03-12 13:09:56 info: Row(s) deleted
2025-03-12 13:09:56 info: Row(s) deleted
2025-03-12 13:09:56 info: Row(s) deleted
2025-03-12 13:09:57 info: Row(s) deleted
2025-03-12 13:09:58 info: Row(s) deleted
2025-03-12 13:11:13 info: Row(s) deleted
2025-03-12 13:11:55 info: Row(s) deleted
2025-03-12 13:12:50 info: Row(s) deleted
2025-03-12 13:13:15 info: Row(s) deleted
2025-03-12 13:13:20 info: Row(s) deleted
2025-03-12 13:13:25 info: Row(s) deleted
2025-03-12 13:13:29 info: Row(s) deleted
2025-03-12 13:14:32 info: Row(s) deleted
2025-03-12 13:14:32 info: Row(s) deleted
2025-03-12 13:14:32 info: Row(s) deleted
2025-03-12 13:14:32 info: Row(s) deleted
2025-03-12 13:14:32 info: Row(s) deleted
2025-03-12 13:14:32 info: Row(s) deleted
2025-03-12 13:14:32 info: Row(s) deleted
2025-03-12 13:14:33 info: Row(s) deleted
2025-03-12 13:16:00 info: Row(s) deleted
2025-03-12 13:18:08 info: Row(s) deleted
2025-03-12 13:19:52 info: Row(s) deleted
2025-03-12 13:19:52 info: Row(s) deleted
2025-03-12 13:19:52 info: Row(s) deleted
2025-03-12 13:19:52 info: Row(s) deleted
2025-03-12 13:19:53 info: Row(s) deleted
2025-03-12 13:19:53 info: Row(s) deleted
2025-03-12 13:19:53 info: Row(s) deleted
2025-03-12 13:19:53 info: Row(s) deleted
2025-03-12 13:23:10 info: Row(s) deleted
2025-03-12 13:28:35 info: Row(s) deleted
2025-03-12 13:28:35 info: Row(s) deleted
2025-03-12 13:28:36 info: Row(s) deleted
2025-03-12 13:28:36 info: Row(s) deleted
2025-03-12 13:29:39 info: Row(s) deleted
2025-03-12 13:29:39 info: Row(s) deleted
2025-03-12 13:29:39 info: Row(s) deleted
2025-03-12 13:29:39 info: Row(s) deleted
2025-03-12 13:33:37 info: Row(s) deleted
2025-03-12 13:33:37 info: Row(s) deleted
2025-03-12 13:33:37 info: Row(s) deleted
2025-03-12 13:33:38 info: Row(s) deleted
2025-03-12 13:33:38 info: Row(s) deleted
2025-03-12 13:33:38 info: Row(s) deleted
2025-03-12 13:33:40 info: Row(s) deleted
2025-03-12 13:39:05 info: Row(s) deleted
2025-03-12 13:39:05 info: Row(s) deleted
2025-03-12 13:39:05 info: Row(s) deleted
2025-03-12 13:39:05 info: Row(s) deleted
2025-03-12 13:39:06 info: Row(s) deleted
2025-03-12 13:39:06 info: Row(s) deleted
2025-03-12 13:39:06 info: Row(s) deleted
2025-03-12 13:40:24 info: Row(s) deleted
2025-03-12 13:40:24 info: Row(s) deleted
2025-03-12 13:40:25 info: Row(s) deleted
2025-03-12 13:40:25 info: Row(s) deleted
2025-03-12 13:42:32 info: Row(s) deleted
2025-03-12 13:42:32 info: Row(s) deleted
2025-03-12 13:42:32 info: Row(s) deleted
2025-03-12 13:42:32 info: Row(s) deleted
2025-03-12 13:47:49 info: Row(s) deleted
2025-03-12 13:47:49 info: Row(s) deleted
2025-03-12 13:47:50 info: Row(s) deleted
2025-03-12 13:47:50 info: Row(s) deleted
2025-03-12 13:47:50 info: Row(s) deleted
2025-03-12 13:47:50 info: Row(s) deleted
2025-03-12 13:47:50 info: Row(s) deleted
2025-03-12 13:47:50 info: Row(s) deleted
2025-03-12 13:47:50 info: Row(s) deleted
2025-03-12 13:47:50 info: Row(s) deleted
2025-03-12 13:50:20 info: Row(s) deleted
2025-03-12 13:50:20 info: Row(s) deleted
2025-03-12 13:50:20 info: Row(s) deleted
2025-03-12 13:50:20 info: Row(s) deleted
2025-03-12 13:50:20 info: Row(s) deleted
2025-03-12 13:50:20 info: Row(s) deleted
2025-03-12 13:50:20 info: Row(s) deleted
2025-03-12 13:50:20 info: Row(s) deleted
2025-03-12 13:54:28 info: Row(s) deleted
2025-03-12 13:55:41 info: Row(s) deleted
2025-03-12 13:55:41 info: Row(s) deleted
2025-03-12 13:55:41 info: Row(s) deleted
2025-03-12 13:55:41 info: Row(s) deleted
2025-03-12 13:55:41 info: Row(s) deleted
2025-03-12 13:55:41 info: Row(s) deleted
2025-03-12 13:55:41 info: Row(s) deleted
2025-03-12 13:55:41 info: Row(s) deleted
2025-03-12 13:55:41 info: Row(s) deleted
2025-03-12 13:55:41 info: Row(s) deleted
2025-03-12 14:12:31 info: Row(s) deleted
2025-03-12 14:12:32 info: Row(s) deleted
2025-03-12 14:12:32 info: Row(s) deleted
2025-03-12 14:12:32 info: Row(s) deleted
2025-03-12 14:12:32 info: Row(s) deleted
2025-03-12 14:12:32 info: Row(s) deleted
2025-03-12 14:12:32 info: Row(s) deleted
2025-03-12 14:12:32 info: Row(s) deleted
2025-03-12 14:12:32 info: Row(s) deleted
2025-03-12 14:12:32 info: Row(s) deleted
2025-03-12 14:12:32 info: Row(s) deleted
2025-03-12 14:12:32 info: Row(s) deleted
2025-03-12 14:12:32 info: Row(s) deleted
2025-03-12 14:15:22 info: Row(s) deleted
2025-03-12 14:15:22 info: Row(s) deleted
2025-03-12 14:15:22 info: Row(s) deleted
2025-03-12 14:15:22 info: Row(s) deleted
2025-03-12 14:15:22 info: Row(s) deleted
2025-03-12 14:17:13 info: Row(s) deleted
2025-03-12 14:17:13 info: Row(s) deleted
2025-03-12 14:17:13 info: Row(s) deleted
2025-03-12 14:17:13 info: Row(s) deleted
2025-03-12 14:17:13 info: Row(s) deleted
2025-03-12 14:17:13 info: Row(s) deleted
2025-03-12 14:25:30 info: Row(s) deleted
2025-03-12 14:25:30 info: Row(s) deleted
2025-03-12 14:25:30 info: Row(s) deleted
2025-03-12 14:32:35 info: Row(s) deleted
2025-03-12 14:32:35 info: Row(s) deleted
2025-03-12 14:35:34 info: Row(s) deleted
2025-03-12 14:35:34 info: Row(s) deleted
2025-03-12 14:35:34 info: Row(s) deleted
2025-03-12 14:35:34 info: Row(s) deleted
2025-03-12 14:41:59 info: Row(s) deleted
2025-03-12 14:41:59 info: Row(s) deleted
2025-03-12 14:47:00 info: Row(s) deleted
2025-03-12 15:01:33 info: Row(s) deleted
2025-03-12 15:02:36 info: Row(s) deleted
2025-03-12 15:02:36 info: Row(s) deleted
2025-03-12 15:02:36 info: Row(s) deleted
2025-03-12 15:02:36 info: Row(s) deleted
2025-03-12 15:02:36 info: Row(s) deleted
2025-03-12 15:07:25 info: Row(s) deleted
2025-03-12 15:07:25 info: Row(s) deleted
2025-03-12 15:07:25 info: Row(s) deleted
2025-03-12 15:12:00 info: Row(s) deleted
2025-03-12 15:12:00 info: Row(s) deleted
2025-03-12 15:16:32 info: Row(s) deleted
2025-03-12 15:16:32 info: Row(s) deleted
2025-03-12 15:16:32 info: Row(s) deleted
2025-03-12 15:17:37 info: Row(s) deleted
2025-03-12 15:17:37 info: Row(s) deleted
2025-03-12 15:20:46 info: Row(s) deleted
2025-03-12 15:20:46 info: Row(s) deleted
2025-03-12 15:20:46 info: Row(s) deleted
2025-03-12 15:20:46 info: Row(s) deleted
2025-03-12 15:31:54 info: Row(s) deleted
2025-03-12 15:31:54 info: Row(s) deleted
2025-03-12 15:31:54 info: Row(s) deleted
2025-03-12 15:37:11 info: Row(s) deleted
2025-03-12 15:37:11 info: Row(s) deleted
2025-03-12 15:37:11 info: Row(s) deleted
2025-03-12 15:41:18 info: Row(s) deleted
2025-03-12 15:41:18 info: Row(s) deleted
2025-03-12 15:42:58 info: Row(s) deleted
2025-03-12 15:42:58 info: Row(s) deleted
2025-03-12 15:42:58 info: Row(s) deleted
2025-03-12 15:42:58 info: Row(s) deleted
2025-03-12 15:42:58 info: Row(s) deleted
2025-03-12 15:42:58 info: Row(s) deleted
2025-03-12 15:44:58 info: Row(s) deleted
2025-03-12 15:59:44 info: Row(s) deleted
2025-03-12 15:59:44 info: Row(s) deleted
2025-03-12 15:59:44 info: Row(s) deleted
2025-03-12 15:59:44 info: Row(s) deleted
2025-03-20 13:09:14 info: Congratulations, your extension "Embold" is now active!
2025-03-20 13:09:14 info: tempDirectory : c:\Users\Sneha\.vscode\extensions\embold-vscode.embold-0.1.8\temp
2025-03-20 13:09:58 info: Extraction complete for source: c:\Users\Sneha\.vscode\extensions\embold-vscode.embold-0.1.8\resources\embold-scanner-archive.zip, destination: c:\Users\Sneha\.vscode\extensions\embold-vscode.embold-0.1.8\temp
2025-03-20 13:09:58 info: Extension installed on machine OS : win32
2025-03-20 13:09:59 info: Fetched the issues from DB
2025-03-20 13:10:00 info: Embold extension version response:{"hasSupport":false,"version":"0.1.6","changeNotes":"<div> <p>Release Date: 09 Oct, 2023 <br><span>Bug fixes and improvements.</span></p> </div>"}
2025-03-20 13:10:00 info: Current installed embold extension version : 0.1.8
2025-03-20 13:10:00 info: Latest embold extension version on marketplace : 0.1.6
2025-03-20 13:10:01 info: Java version installed on machine : 
openjdk version "21.0.2" 2024-01-16 LTS
OpenJDK Runtime Environment Temurin-21.0.2+13 (build 21.0.2+13-LTS)
OpenJDK 64-Bit Server VM Temurin-21.0.2+13 (build 21.0.2+13-LTS, mixed mode, sharing)

2025-03-20 13:10:01 info: Java installed on machine.
2025-03-21 10:19:58 info: Row(s) deleted
2025-03-21 10:19:58 info: Row(s) deleted
2025-03-21 10:19:58 info: Row(s) deleted
2025-03-21 10:19:58 info: Row(s) deleted
2025-03-21 10:39:43 info: Row(s) deleted
2025-03-21 10:39:43 info: Row(s) deleted
2025-03-21 10:39:43 info: Row(s) deleted
2025-03-21 10:39:43 info: Row(s) deleted
2025-03-21 10:45:00 info: Row(s) deleted
2025-03-21 10:45:00 info: Row(s) deleted
2025-03-21 10:45:01 info: Row(s) deleted
2025-03-21 10:45:01 info: Row(s) deleted
2025-03-21 10:45:32 info: Row(s) deleted
2025-03-21 10:50:25 info: Row(s) deleted
2025-03-21 10:50:25 info: Row(s) deleted
2025-03-21 10:50:50 info: Row(s) deleted
2025-03-21 10:51:08 info: Row(s) deleted
2025-03-21 10:51:08 info: Row(s) deleted
2025-03-21 10:55:40 info: Row(s) deleted
2025-03-21 10:55:40 info: Row(s) deleted
2025-03-21 10:55:56 info: Row(s) deleted
2025-03-21 10:55:56 info: Row(s) deleted
2025-03-21 10:55:57 info: Row(s) deleted
2025-03-21 10:55:57 info: Row(s) deleted
2025-03-21 10:55:57 info: Row(s) deleted
2025-03-21 10:55:57 info: Row(s) deleted
2025-03-21 10:55:59 info: Row(s) deleted
2025-03-21 10:57:45 info: Row(s) deleted
2025-03-21 10:57:45 info: Row(s) deleted
2025-03-21 11:25:02 info: Row(s) deleted
2025-03-21 11:25:02 info: Row(s) deleted
2025-03-21 11:25:02 info: Row(s) deleted
2025-03-21 11:25:02 info: Row(s) deleted
2025-03-21 11:25:02 info: Row(s) deleted
2025-03-21 11:26:29 info: Row(s) deleted
2025-03-21 11:26:31 info: Row(s) deleted
2025-03-21 11:26:31 info: Row(s) deleted
2025-03-21 11:26:31 info: Row(s) deleted
